// Jest Snapshot v1, https://goo.gl/fbAQLP

exports[`Testing if component renders properly Snapshot Testing 1`] = `
<DocumentFragment>
  <div
    class="wrapper"
  >
    <h1>
      Select User from List Below
    </h1>
    <p>
      There are two parts to this Sample: 
    </p>
    <ol>
      <li>
        Click on the Add / Minus buttons to change index value. (to demo testing with multiple same child component in parent component)
      </li>
      <li>
        Select button to select data from a list. (to demo testing data array and error handling)
      </li>
    </ol>
    <h2
      data-testid="counter"
    >
      Index = 0
    </h2>
    <div
      class="wrapper"
    >
      <h3>
        Child Component: 
      </h3>
      <button>
        Add 1
      </button>
      <button>
        Minus 1
      </button>
    </div>
    <div
      class="wrapper"
    >
      <h3>
        Child Component: 
      </h3>
      <button>
        Add 3
      </button>
      <button>
        Minus 3
      </button>
    </div>
    <hr />
    <div>
      <p
        class="wrapper2"
      >
        Selected User: 
        <strong>
          Null
        </strong>
      </p>
      <button>
        Select Row based on index above
      </button>
    </div>
    <ol>
      <li
        data-testid="usernames"
      >
        Alice
      </li>
      <li
        data-testid="usernames"
      >
        Bruce
      </li>
      <li
        data-testid="usernames"
      >
        Charlie
      </li>
      <li
        data-testid="usernames"
      >
        Donnie
      </li>
      <li
        data-testid="usernames"
      >
        Elizabeth
      </li>
      <li
        data-testid="usernames"
      >
        Frank
      </li>
    </ol>
  </div>
</DocumentFragment>
`;
