// Jest Snapshot v1, https://goo.gl/fbAQLP

exports[`Testing if component renders properly Snapshot Testing 1`] = `
<DocumentFragment>
  <div>
    <h1
      data-testid="label_id"
    >
      Hello World
    </h1>
    <p>
      Type something to enable the Submit button
    </p>
    <input
      data-testid="input_id"
      placeholder="type something..."
      value=""
    />
    <button
      data-testid="button_id"
      disabled=""
    >
      Submit
    </button>
  </div>
</DocumentFragment>
`;
