// Jest Snapshot v1, https://goo.gl/fbAQLP

exports[`Testing if component renders properly Snapshot Testing 1`] = `
<DocumentFragment>
  <div
    data-testid="AgGridWrapper"
  >
    <div
      class="MuiContainer-root MuiContainer-maxWidthLg"
    >
      <div
        class="MuiToolbar-root MuiToolbar-regular MuiToolbar-gutters"
        data-testid="toolbar"
        style="background: rgb(237, 237, 237);"
      >
        <div
          style="flex-grow: 1;"
        />
        <div>
          <span
            class=""
            title="Download"
          >
            <button
              aria-haspopup="true"
              aria-label="Download"
              class="MuiButtonBase-root MuiIconButton-root"
              tabindex="0"
              type="button"
            >
              <span
                class="MuiIconButton-label"
              >
                <svg
                  aria-hidden="true"
                  class="MuiSvgIcon-root"
                  focusable="false"
                  viewBox="0 0 24 24"
                >
                  <path
                    d="M19 9h-4V3H9v6H5l7 7 7-7zM5 18v2h14v-2H5z"
                  />
                </svg>
              </span>
              <span
                class="MuiTouchRipple-root"
              />
            </button>
          </span>
        </div>
      </div>
      <div
        class="ag-theme-alpine"
        style="height: 400px; width: 100%;"
      >
        <div
          style="height: 100%;"
        >
          <div
            class="ag-root-wrapper ag-layout-normal ag-ltr"
            ref="eRootWrapper"
          >
            
                
            <!--AG-GRID-HEADER-DROP-ZONES-->
            <div
              class="ag-column-drop-wrapper"
            >
              <div
                class="ag-unselectable ag-column-drop ag-column-drop-horizontal ag-column-drop-empty ag-hidden"
              >
                <div
                  class="ag-column-drop-title-bar ag-column-drop-horizontal-title-bar"
                >
                  <span
                    class="ag-icon ag-icon-group ag-column-drop-icon ag-column-drop-horizontal-icon"
                    unselectable="on"
                  />
                </div>
                <div
                  class="ag-column-drop-list ag-column-drop-horizontal-list"
                >
                  <span
                    class="ag-column-drop-empty-message ag-column-drop-horizontal-empty-message"
                  >
                    Drag here to set row groups
                  </span>
                </div>
              </div>
              <div
                class="ag-unselectable ag-column-drop ag-column-drop-horizontal ag-column-drop-empty ag-hidden"
              >
                <div
                  class="ag-column-drop-title-bar ag-column-drop-horizontal-title-bar"
                >
                  <span
                    class="ag-icon ag-icon-pivot ag-column-drop-icon ag-column-drop-horizontal-icon"
                    unselectable="on"
                  />
                </div>
                <div
                  class="ag-column-drop-list ag-column-drop-horizontal-list"
                >
                  <span
                    class="ag-column-drop-empty-message ag-column-drop-horizontal-empty-message"
                  >
                    Drag here to set column labels
                  </span>
                </div>
              </div>
            </div>
            
                
            <div
              class="ag-root-wrapper-body ag-layout-normal ag-focus-managed"
              ref="rootWrapperBody"
            >
              <div
                class="ag-tab-guard ag-tab-guard-top"
                tabindex="0"
              />
              
                    
              <!--AG-GRID-COMP-->
              <div
                aria-colcount="3"
                aria-rowcount="4"
                class="ag-root ag-unselectable ag-layout-normal"
                ref="gridPanel"
                role="grid"
                unselectable="on"
              >
                
        
                <!--AG-HEADER-ROOT-->
                <div
                  class="ag-header ag-focus-managed ag-pivot-off"
                  ref="headerRoot"
                  role="presentation"
                  style="height: 49px; min-height: 49px;"
                  unselectable="on"
                >
                  
            
                  <div
                    class="ag-pinned-left-header ag-hidden"
                    ref="ePinnedLeftHeader"
                    role="presentation"
                    style="width: 0px; max-width: 0px; min-width: 0px;"
                  >
                    <div
                      aria-rowindex="1"
                      class="ag-header-row ag-header-row-column"
                      role="row"
                      style="top: 0px; height: 48px; width: 0px;"
                    />
                  </div>
                  
            
                  <div
                    class="ag-header-viewport"
                    ref="eHeaderViewport"
                    role="presentation"
                  >
                    
                
                    <div
                      class="ag-header-container"
                      ref="eHeaderContainer"
                      role="rowgroup"
                      style="width: 600px;"
                    >
                      <div
                        aria-rowindex="1"
                        class="ag-header-row ag-header-row-column"
                        role="row"
                        style="top: 0px; height: 48px; width: 600px;"
                      >
                        <div
                          class="ag-header-cell ag-focus-managed ag-header-cell-sortable"
                          col-id="make"
                          role="presentation"
                          style="width: 200px; left: 0px;"
                          tabindex="-1"
                          unselectable="on"
                        >
                          
            
                          <div
                            class="ag-header-cell-resize"
                            ref="eResize"
                            role="presentation"
                          />
                          
            
                          <!--AG-CHECKBOX-->
                          <div
                            class="ag-header-select-all ag-labeled ag-label-align-right ag-checkbox ag-input-field ag-hidden"
                            ref="cbSelectAll"
                            role="presentation"
                          >
                            
            
                            <label
                              class="ag-input-field-label ag-label ag-hidden ag-checkbox-label"
                              for="ag-input-id-25"
                              ref="eLabel"
                            />
                            
            
                            <div
                              class="ag-wrapper ag-input-wrapper ag-checkbox-input-wrapper"
                              ref="eWrapper"
                              role="presentation"
                            >
                              
                
                              <input
                                aria-label="Toggle Selection of All Rows"
                                class="ag-input-field-input ag-checkbox-input"
                                id="ag-input-id-25"
                                ref="eInput"
                                type="checkbox"
                              />
                              
            
                            </div>
                            
        
                          </div>
                          
        
                          <div
                            class="ag-cell-label-container ag-header-cell-sorted-none"
                          >
                            
            
                            <span
                              aria-hidden="true"
                              class="ag-header-icon ag-header-cell-menu-button"
                              ref="eMenu"
                              style="opacity: 0; transition: opacity 0.2s, border 0.2s;"
                            >
                              <span
                                class="ag-icon ag-icon-menu"
                                unselectable="on"
                              />
                            </span>
                            
            
                            <div
                              class="ag-header-cell-label"
                              ref="eLabel"
                              role="presentation"
                              unselectable="on"
                            >
                              
                
                              <span
                                aria-colindex="1"
                                class="ag-header-cell-text"
                                ref="eText"
                                role="columnheader"
                                unselectable="on"
                              >
                                Make
                              </span>
                              
                
                              <span
                                aria-hidden="true"
                                class="ag-header-icon ag-header-label-icon ag-filter-icon ag-hidden"
                                ref="eFilter"
                              >
                                <span
                                  class="ag-icon ag-icon-filter"
                                  unselectable="on"
                                />
                              </span>
                              
                
                              <span
                                aria-hidden="true"
                                class="ag-header-icon ag-header-label-icon ag-sort-order ag-hidden"
                                ref="eSortOrder"
                              />
                              
                
                              <span
                                aria-hidden="true"
                                class="ag-header-icon ag-header-label-icon ag-sort-ascending-icon ag-hidden"
                                ref="eSortAsc"
                              >
                                <span
                                  class="ag-icon ag-icon-asc"
                                  unselectable="on"
                                />
                              </span>
                              
                
                              <span
                                aria-hidden="true"
                                class="ag-header-icon ag-header-label-icon ag-sort-descending-icon ag-hidden"
                                ref="eSortDesc"
                              >
                                <span
                                  class="ag-icon ag-icon-desc"
                                  unselectable="on"
                                />
                              </span>
                              
                
                              <span
                                aria-hidden="true"
                                class="ag-header-icon ag-header-label-icon ag-sort-none-icon ag-hidden"
                                ref="eSortNone"
                              >
                                <span
                                  class="ag-icon ag-icon-none"
                                  unselectable="on"
                                />
                              </span>
                              
            
                            </div>
                            
        
                          </div>
                        </div>
                        <div
                          class="ag-header-cell ag-focus-managed ag-header-cell-sortable"
                          col-id="model"
                          role="presentation"
                          style="width: 200px; left: 200px;"
                          tabindex="-1"
                          unselectable="on"
                        >
                          
            
                          <div
                            class="ag-header-cell-resize"
                            ref="eResize"
                            role="presentation"
                          />
                          
            
                          <!--AG-CHECKBOX-->
                          <div
                            class="ag-header-select-all ag-labeled ag-label-align-right ag-checkbox ag-input-field ag-hidden"
                            ref="cbSelectAll"
                            role="presentation"
                          >
                            
            
                            <label
                              class="ag-input-field-label ag-label ag-hidden ag-checkbox-label"
                              for="ag-input-id-28"
                              ref="eLabel"
                            />
                            
            
                            <div
                              class="ag-wrapper ag-input-wrapper ag-checkbox-input-wrapper"
                              ref="eWrapper"
                              role="presentation"
                            >
                              
                
                              <input
                                aria-label="Toggle Selection of All Rows"
                                class="ag-input-field-input ag-checkbox-input"
                                id="ag-input-id-28"
                                ref="eInput"
                                type="checkbox"
                              />
                              
            
                            </div>
                            
        
                          </div>
                          
        
                          <div
                            class="ag-cell-label-container ag-header-cell-sorted-none"
                          >
                            
            
                            <span
                              aria-hidden="true"
                              class="ag-header-icon ag-header-cell-menu-button"
                              ref="eMenu"
                              style="opacity: 0; transition: opacity 0.2s, border 0.2s;"
                            >
                              <span
                                class="ag-icon ag-icon-menu"
                                unselectable="on"
                              />
                            </span>
                            
            
                            <div
                              class="ag-header-cell-label"
                              ref="eLabel"
                              role="presentation"
                              unselectable="on"
                            >
                              
                
                              <span
                                aria-colindex="2"
                                class="ag-header-cell-text"
                                ref="eText"
                                role="columnheader"
                                unselectable="on"
                              >
                                Model
                              </span>
                              
                
                              <span
                                aria-hidden="true"
                                class="ag-header-icon ag-header-label-icon ag-filter-icon ag-hidden"
                                ref="eFilter"
                              >
                                <span
                                  class="ag-icon ag-icon-filter"
                                  unselectable="on"
                                />
                              </span>
                              
                
                              <span
                                aria-hidden="true"
                                class="ag-header-icon ag-header-label-icon ag-sort-order ag-hidden"
                                ref="eSortOrder"
                              />
                              
                
                              <span
                                aria-hidden="true"
                                class="ag-header-icon ag-header-label-icon ag-sort-ascending-icon ag-hidden"
                                ref="eSortAsc"
                              >
                                <span
                                  class="ag-icon ag-icon-asc"
                                  unselectable="on"
                                />
                              </span>
                              
                
                              <span
                                aria-hidden="true"
                                class="ag-header-icon ag-header-label-icon ag-sort-descending-icon ag-hidden"
                                ref="eSortDesc"
                              >
                                <span
                                  class="ag-icon ag-icon-desc"
                                  unselectable="on"
                                />
                              </span>
                              
                
                              <span
                                aria-hidden="true"
                                class="ag-header-icon ag-header-label-icon ag-sort-none-icon ag-hidden"
                                ref="eSortNone"
                              >
                                <span
                                  class="ag-icon ag-icon-none"
                                  unselectable="on"
                                />
                              </span>
                              
            
                            </div>
                            
        
                          </div>
                        </div>
                      </div>
                    </div>
                    
            
                  </div>
                  
            
                  <div
                    class="ag-pinned-right-header ag-hidden"
                    ref="ePinnedRightHeader"
                    role="presentation"
                    style="width: 0px; max-width: 0px; min-width: 0px;"
                  >
                    <div
                      aria-rowindex="1"
                      class="ag-header-row ag-header-row-column"
                      role="row"
                      style="top: 0px; height: 48px; width: 0px;"
                    />
                  </div>
                  
        
                </div>
                
        
                <div
                  class="ag-floating-top"
                  ref="eTop"
                  role="presentation"
                  style="min-height: 0px; height: 0px; display: none; overflow-y: hidden;"
                  unselectable="on"
                >
                  
            
                  <div
                    class="ag-pinned-left-floating-top ag-hidden"
                    ref="eLeftTop"
                    role="presentation"
                    unselectable="on"
                  />
                  
            
                  <div
                    class="ag-floating-top-viewport"
                    ref="eTopViewport"
                    role="presentation"
                    unselectable="on"
                  >
                    
                
                    <div
                      class="ag-floating-top-container"
                      ref="eTopContainer"
                      role="presentation"
                      style="width: 600px;"
                      unselectable="on"
                    />
                    
            
                  </div>
                  
            
                  <div
                    class="ag-pinned-right-floating-top ag-hidden"
                    ref="eRightTop"
                    role="presentation"
                    unselectable="on"
                  />
                  
            
                  <div
                    class="ag-floating-top-full-width-container ag-hidden"
                    ref="eTopFullWidthContainer"
                    role="presentation"
                    unselectable="on"
                  />
                  
        
                </div>
                
        
                <div
                  class="ag-body-viewport ag-layout-normal ag-row-animation"
                  ref="eBodyViewport"
                  role="presentation"
                >
                  
            
                  <div
                    class="ag-pinned-left-cols-container ag-hidden"
                    ref="eLeftContainer"
                    role="presentation"
                    style="height: 126px;"
                    unselectable="on"
                  >
                    <div
                      aria-rowindex="2"
                      class="ag-row ag-row-no-focus ag-row-even ag-row-level-0 ag-row-position-absolute ag-row-first"
                      comp-id="30"
                      role="row"
                      row-id="0"
                      row-index="0"
                      style="height: 42px; transform: translateY(0px); "
                    />
                    <div
                      aria-rowindex="3"
                      class="ag-row ag-row-no-focus ag-row-odd ag-row-level-0 ag-row-position-absolute"
                      comp-id="33"
                      role="row"
                      row-id="1"
                      row-index="1"
                      style="height: 42px; transform: translateY(42px); "
                    />
                    <div
                      aria-rowindex="4"
                      class="ag-row ag-row-no-focus ag-row-even ag-row-level-0 ag-row-position-absolute ag-row-last"
                      comp-id="36"
                      role="row"
                      row-id="2"
                      row-index="2"
                      style="height: 42px; transform: translateY(84px); "
                    />
                  </div>
                  
            
                  <div
                    class="ag-center-cols-clipper"
                    ref="eCenterColsClipper"
                    role="presentation"
                    style="height: 126px;"
                    unselectable="on"
                  >
                    
                
                    <div
                      class="ag-center-cols-viewport"
                      ref="eCenterViewport"
                      role="presentation"
                      style="height: calc(100% + 0px);"
                    >
                      
                    
                      <div
                        class="ag-center-cols-container"
                        ref="eCenterContainer"
                        role="rowgroup"
                        style="width: 600px; height: 126px;"
                        unselectable="on"
                      >
                        <div
                          aria-rowindex="2"
                          class="ag-row ag-row-no-focus ag-row-even ag-row-level-0 ag-row-position-absolute ag-row-first"
                          comp-id="30"
                          role="row"
                          row-id="0"
                          row-index="0"
                          style="height: 42px; transform: translateY(0px); "
                        >
                          <div
                            aria-colindex="1"
                            class="ag-cell ag-cell-not-inline-editing ag-cell-auto-height ag-cell-value"
                            col-id="make"
                            comp-id="31"
                            role="gridcell"
                            style="width: 200px; left: 0px;  "
                            tabindex="-1"
                            unselectable="on"
                          >
                            Toyota
                          </div>
                          <div
                            aria-colindex="2"
                            class="ag-cell ag-cell-not-inline-editing ag-cell-auto-height ag-cell-value"
                            col-id="model"
                            comp-id="32"
                            role="gridcell"
                            style="width: 200px; left: 200px;  "
                            tabindex="-1"
                            unselectable="on"
                          >
                            Celica
                          </div>
                        </div>
                        <div
                          aria-rowindex="3"
                          class="ag-row ag-row-no-focus ag-row-odd ag-row-level-0 ag-row-position-absolute"
                          comp-id="33"
                          role="row"
                          row-id="1"
                          row-index="1"
                          style="height: 42px; transform: translateY(42px); "
                        >
                          <div
                            aria-colindex="1"
                            class="ag-cell ag-cell-not-inline-editing ag-cell-auto-height ag-cell-value"
                            col-id="make"
                            comp-id="34"
                            role="gridcell"
                            style="width: 200px; left: 0px;  "
                            tabindex="-1"
                            unselectable="on"
                          >
                            Ford
                          </div>
                          <div
                            aria-colindex="2"
                            class="ag-cell ag-cell-not-inline-editing ag-cell-auto-height ag-cell-value"
                            col-id="model"
                            comp-id="35"
                            role="gridcell"
                            style="width: 200px; left: 200px;  "
                            tabindex="-1"
                            unselectable="on"
                          >
                            Mondeo
                          </div>
                        </div>
                        <div
                          aria-rowindex="4"
                          class="ag-row ag-row-no-focus ag-row-even ag-row-level-0 ag-row-position-absolute ag-row-last"
                          comp-id="36"
                          role="row"
                          row-id="2"
                          row-index="2"
                          style="height: 42px; transform: translateY(84px); "
                        >
                          <div
                            aria-colindex="1"
                            class="ag-cell ag-cell-not-inline-editing ag-cell-auto-height ag-cell-value"
                            col-id="make"
                            comp-id="37"
                            role="gridcell"
                            style="width: 200px; left: 0px;  "
                            tabindex="-1"
                            unselectable="on"
                          >
                            Porsche
                          </div>
                          <div
                            aria-colindex="2"
                            class="ag-cell ag-cell-not-inline-editing ag-cell-auto-height ag-cell-value"
                            col-id="model"
                            comp-id="38"
                            role="gridcell"
                            style="width: 200px; left: 200px;  "
                            tabindex="-1"
                            unselectable="on"
                          >
                            Boxter
                          </div>
                        </div>
                      </div>
                      
                
                    </div>
                    
            
                  </div>
                  
            
                  <div
                    class="ag-pinned-right-cols-container ag-hidden"
                    ref="eRightContainer"
                    role="presentation"
                    style="height: 126px;"
                    unselectable="on"
                  >
                    <div
                      aria-rowindex="2"
                      class="ag-row ag-row-no-focus ag-row-even ag-row-level-0 ag-row-position-absolute ag-row-first"
                      comp-id="30"
                      role="row"
                      row-id="0"
                      row-index="0"
                      style="height: 42px; transform: translateY(0px); "
                    />
                    <div
                      aria-rowindex="3"
                      class="ag-row ag-row-no-focus ag-row-odd ag-row-level-0 ag-row-position-absolute"
                      comp-id="33"
                      role="row"
                      row-id="1"
                      row-index="1"
                      style="height: 42px; transform: translateY(42px); "
                    />
                    <div
                      aria-rowindex="4"
                      class="ag-row ag-row-no-focus ag-row-even ag-row-level-0 ag-row-position-absolute ag-row-last"
                      comp-id="36"
                      role="row"
                      row-id="2"
                      row-index="2"
                      style="height: 42px; transform: translateY(84px); "
                    />
                  </div>
                  
            
                  <div
                    class="ag-full-width-container"
                    ref="eFullWidthContainer"
                    role="presentation"
                    style="height: 126px;"
                    unselectable="on"
                  />
                  
        
                </div>
                
        
                <div
                  class="ag-floating-bottom"
                  ref="eBottom"
                  role="presentation"
                  style="min-height: 0px; height: 0px; display: none; overflow-y: hidden;"
                  unselectable="on"
                >
                  
            
                  <div
                    class="ag-pinned-left-floating-bottom ag-hidden"
                    ref="eLeftBottom"
                    role="presentation"
                    unselectable="on"
                  />
                  
            
                  <div
                    class="ag-floating-bottom-viewport"
                    ref="eBottomViewport"
                    role="presentation"
                    unselectable="on"
                  >
                    
                
                    <div
                      class="ag-floating-bottom-container"
                      ref="eBottomContainer"
                      role="presentation"
                      style="width: 600px;"
                      unselectable="on"
                    />
                    
            
                  </div>
                  
            
                  <div
                    class="ag-pinned-right-floating-bottom ag-hidden"
                    ref="eRightBottom"
                    role="presentation"
                    unselectable="on"
                  />
                  
            
                  <div
                    class="ag-floating-bottom-full-width-container ag-hidden"
                    ref="eBottomFullWidthContainer"
                    role="presentation"
                    unselectable="on"
                  />
                  
        
                </div>
                
        
                <div
                  aria-hidden="true"
                  class="ag-body-horizontal-scroll"
                  ref="eHorizontalScrollBody"
                  style="height: 0px; max-height: 0px; min-height: 0px;"
                >
                  
            
                  <div
                    class="ag-horizontal-left-spacer ag-scroller-corner"
                    ref="eHorizontalLeftSpacer"
                    style="width: 0px; max-width: 0px; min-width: 0px;"
                  />
                  
            
                  <div
                    class="ag-body-horizontal-scroll-viewport"
                    ref="eBodyHorizontalScrollViewport"
                    style="height: 0px; max-height: 0px; min-height: 0px;"
                  >
                    
                
                    <div
                      class="ag-body-horizontal-scroll-container"
                      ref="eBodyHorizontalScrollContainer"
                      style="width: 600px; height: 0px; max-height: 0px; min-height: 0px;"
                    />
                    
            
                  </div>
                  
            
                  <div
                    class="ag-horizontal-right-spacer ag-scroller-corner"
                    ref="eHorizontalRightSpacer"
                    style="width: 0px; max-width: 0px; min-width: 0px;"
                  />
                  
        
                </div>
                
        
                <!--AG-OVERLAY-WRAPPER-->
                <div
                  aria-hidden="true"
                  class="ag-overlay ag-hidden"
                  ref="overlayWrapper"
                >
                  
            
                  <div
                    class="ag-overlay-panel"
                  >
                    
                
                    <div
                      class="ag-overlay-wrapper ag-layout-normal"
                      ref="eOverlayWrapper"
                    />
                    
            
                  </div>
                  
        
                </div>
                
    
              </div>
              
                    
              <!--AG-SIDE-BAR-->
              <div
                class="ag-side-bar ag-unselectable ag-hidden"
                ref="sideBar"
              >
                
            
                <!--AG-SIDE-BAR-BUTTONS-->
                <div
                  class="ag-side-buttons"
                  ref="sideBarButtons"
                />
                
        
              </div>
              
                
              <div
                class="ag-tab-guard ag-tab-guard-bottom"
                tabindex="0"
              />
            </div>
            
                
            <!--AG-STATUS-BAR-->
            <div
              class="ag-status-bar"
              ref="statusBar"
            >
              
            
              <div
                class="ag-status-bar-left"
                ref="eStatusBarLeft"
              >
                <div
                  class="ag-status-name-value ag-status-panel ag-status-panel-total-row-count"
                >
                    
            
                  <span
                    ref="eLabel"
                  >
                    Total Rows
                  </span>
                  : 
            
                  <span
                    class="ag-status-name-value-value"
                    ref="eValue"
                  >
                    3
                  </span>
                  
        
                </div>
              </div>
              
            
              <div
                class="ag-status-bar-center"
                ref="eStatusBarCenter"
              />
              
            
              <div
                class="ag-status-bar-right"
                ref="eStatusBarRight"
              >
                <div
                  class="ag-status-name-value ag-status-panel ag-status-panel-filtered-row-count ag-hidden"
                >
                    
            
                  <span
                    ref="eLabel"
                  >
                    Filtered
                  </span>
                  : 
            
                  <span
                    class="ag-status-name-value-value"
                    ref="eValue"
                  >
                    3
                  </span>
                  
        
                </div>
                <div
                  class="ag-status-name-value ag-hidden ag-status-panel ag-status-panel-selected-row-count"
                >
                    
            
                  <span
                    ref="eLabel"
                  >
                    Selected
                  </span>
                  : 
            
                  <span
                    class="ag-status-name-value-value"
                    ref="eValue"
                  >
                    0
                  </span>
                  
        
                </div>
                <div
                  class="ag-status-panel ag-status-panel-aggregations"
                >
                  
            
                  <!--AG-NAME-VALUE-->
                  <div
                    class="ag-status-name-value ag-hidden"
                    ref="avgAggregationComp"
                  >
                      
            
                    <span
                      ref="eLabel"
                    >
                      Average
                    </span>
                    : 
            
                    <span
                      class="ag-status-name-value-value"
                      ref="eValue"
                    >
                      NaN
                    </span>
                    
        
                  </div>
                  
            
                  <!--AG-NAME-VALUE-->
                  <div
                    class="ag-status-name-value ag-hidden"
                    ref="countAggregationComp"
                  >
                      
            
                    <span
                      ref="eLabel"
                    >
                      Count
                    </span>
                    : 
            
                    <span
                      class="ag-status-name-value-value"
                      ref="eValue"
                    >
                      0
                    </span>
                    
        
                  </div>
                  
            
                  <!--AG-NAME-VALUE-->
                  <div
                    class="ag-status-name-value ag-hidden"
                    ref="minAggregationComp"
                  >
                      
            
                    <span
                      ref="eLabel"
                    >
                      Min
                    </span>
                    : 
            
                    <span
                      class="ag-status-name-value-value"
                      ref="eValue"
                    />
                    
        
                  </div>
                  
            
                  <!--AG-NAME-VALUE-->
                  <div
                    class="ag-status-name-value ag-hidden"
                    ref="maxAggregationComp"
                  >
                      
            
                    <span
                      ref="eLabel"
                    >
                      Max
                    </span>
                    : 
            
                    <span
                      class="ag-status-name-value-value"
                      ref="eValue"
                    />
                    
        
                  </div>
                  
            
                  <!--AG-NAME-VALUE-->
                  <div
                    class="ag-status-name-value ag-hidden"
                    ref="sumAggregationComp"
                  >
                      
            
                    <span
                      ref="eLabel"
                    >
                      Sum
                    </span>
                    : 
            
                    <span
                      class="ag-status-name-value-value"
                      ref="eValue"
                    >
                      0
                    </span>
                    
        
                  </div>
                  
        
                </div>
              </div>
              
        
            </div>
            
                
            <!--AG-PAGINATION-->
            <div
              class="ag-paging-panel ag-unselectable ag-hidden"
            >
              
                
              <span
                class="ag-paging-row-summary-panel"
                ref="eSummaryPanel"
              >
                
                    
                <span
                  class="ag-paging-row-summary-panel-number"
                  ref="lbFirstRowOnPage"
                />
                
                    to
                    
                <span
                  class="ag-paging-row-summary-panel-number"
                  ref="lbLastRowOnPage"
                />
                
                    of
                    
                <span
                  class="ag-paging-row-summary-panel-number"
                  ref="lbRecordCount"
                />
                
                
              </span>
              
                
              <span
                class="ag-paging-page-summary-panel"
              >
                
                    
                <div
                  class="ag-paging-button-wrapper"
                  ref="btFirst"
                >
                  <span
                    class="ag-icon ag-icon-first"
                    unselectable="on"
                  />
                  
                        
                  <button
                    class="ag-paging-button"
                    type="button"
                  >
                    First
                  </button>
                  
                    
                </div>
                
                    
                <div
                  class="ag-paging-button-wrapper"
                  ref="btPrevious"
                >
                  <span
                    class="ag-icon ag-icon-previous"
                    unselectable="on"
                  />
                  
                        
                  <button
                    class="ag-paging-button"
                    type="button"
                  >
                    Previous
                  </button>
                  
                    
                </div>
                
                    
                <span
                  class="ag-paging-description"
                >
                  
                        Page
                        
                  <span
                    class="ag-paging-number"
                    ref="lbCurrent"
                  />
                  
                        of
                        
                  <span
                    class="ag-paging-number"
                    ref="lbTotal"
                  />
                  
                    
                </span>
                
                    
                <span
                  class="ag-paging-number"
                  ref="lbTotal"
                />
                
                    
                <div
                  class="ag-paging-button-wrapper"
                  ref="btNext"
                >
                  <span
                    class="ag-icon ag-icon-next"
                    unselectable="on"
                  />
                  
                        
                  <button
                    class="ag-paging-button"
                    type="button"
                  >
                    Next
                  </button>
                  
                    
                </div>
                
                    
                <div
                  class="ag-paging-button-wrapper"
                  ref="btLast"
                >
                  <span
                    class="ag-icon ag-icon-last"
                    unselectable="on"
                  />
                  
                        
                  <button
                    class="ag-paging-button"
                    type="button"
                  >
                    Last
                  </button>
                  
                    
                </div>
                
                
              </span>
              
            
            </div>
            
                
            <!--AG-WATERMARK-->
            <div
              class="ag-watermark ag-hidden"
            >
              
                    
              <div
                class="ag-watermark-text"
                ref="eLicenseTextRef"
              />
              
               
            </div>
            
            
          </div>
        </div>
      </div>
    </div>
  </div>
</DocumentFragment>
`;
